> Task :compileJava UP-TO-DATE
> Task :processResources UP-TO-DATE
> Task :classes UP-TO-DATE
> Task :resolveMainClassName UP-TO-DATE

> Task :bootRun

  .   ____          _            __ _ _
 /\\ / ___'_ __ _ _(_)_ __  __ _ \ \ \ \
( ( )\___ | '_ | '_| | '_ \/ _` | \ \ \ \
 \\/  ___)| |_)| | | | | || (_| |  ) ) ) )
  '  |____| .__|_| |_|_| |_\__, | / / / /
 =========|_|==============|___/=/_/_/_/

 :: Spring Boot ::                (v4.0.6)

2026-06-14T14:46:18.685+09:00  INFO 14928 --- [devnote-webapp] [           main] i.h.d.DevnoteWebappApplication           : Starting DevnoteWebappApplication using Java 21.0.11 with PID 14928 (D:\workspace\ai\devnote\devnote-webapp\build\classes\java\main started by sihyeong in D:\workspace\ai\devnote\devnote-webapp)
2026-06-14T14:46:18.685+09:00  INFO 14928 --- [devnote-webapp] [           main] i.h.d.DevnoteWebappApplication           : No active profile set, falling back to 1 default profile: "default"
2026-06-14T14:46:19.172+09:00  INFO 14928 --- [devnote-webapp] [           main] .s.d.r.c.RepositoryConfigurationDelegate : Bootstrapping Spring Data JPA repositories in DEFAULT mode.
2026-06-14T14:46:19.232+09:00  INFO 14928 --- [devnote-webapp] [           main] .s.d.r.c.RepositoryConfigurationDelegate : Finished Spring Data repository scanning in 53 ms. Found 9 JPA repository interfaces.
2026-06-14T14:46:19.580+09:00  INFO 14928 --- [devnote-webapp] [           main] o.s.boot.tomcat.TomcatWebServer          : Tomcat initialized with port 8080 (http)
2026-06-14T14:46:19.580+09:00  INFO 14928 --- [devnote-webapp] [           main] o.apache.catalina.core.StandardService   : Starting service [Tomcat]
2026-06-14T14:46:19.580+09:00  INFO 14928 --- [devnote-webapp] [           main] o.apache.catalina.core.StandardEngine    : Starting Servlet engine: [Apache Tomcat/11.0.21]
2026-06-14T14:46:19.614+09:00  INFO 14928 --- [devnote-webapp] [           main] b.w.c.s.WebApplicationContextInitializer : Root WebApplicationContext: initialization completed in 899 ms
2026-06-14T14:46:19.738+09:00  INFO 14928 --- [devnote-webapp] [           main] org.hibernate.orm.jpa                    : HHH008540: Processing PersistenceUnitInfo [name: default]
2026-06-14T14:46:19.769+09:00  INFO 14928 --- [devnote-webapp] [           main] org.hibernate.orm.core                   : HHH000001: Hibernate ORM core version 7.2.12.Final
2026-06-14T14:46:20.098+09:00  INFO 14928 --- [devnote-webapp] [           main] o.s.o.j.p.SpringPersistenceUnitInfo      : No LoadTimeWeaver setup: ignoring JPA class transformer
2026-06-14T14:46:20.127+09:00  INFO 14928 --- [devnote-webapp] [           main] com.zaxxer.hikari.HikariDataSource       : HikariPool-1 - Starting...
2026-06-14T14:46:20.251+09:00  INFO 14928 --- [devnote-webapp] [           main] com.zaxxer.hikari.pool.HikariPool        : HikariPool-1 - Added connection conn0: url=jdbc:h2:mem:devnote user=SA
2026-06-14T14:46:20.251+09:00  INFO 14928 --- [devnote-webapp] [           main] com.zaxxer.hikari.HikariDataSource       : HikariPool-1 - Start completed.
2026-06-14T14:46:20.312+09:00  INFO 14928 --- [devnote-webapp] [           main] org.hibernate.orm.connections.pooling    : HHH10001005: Database info:
	Database JDBC URL [jdbc:h2:mem:devnote]
	Database driver: H2 JDBC Driver
	Database dialect: H2Dialect
	Database version: 2.4.240
	Default catalog/schema: DEVNOTE/PUBLIC
	Autocommit mode: undefined/unknown
	Isolation level: READ_COMMITTED [default READ_COMMITTED]
	JDBC fetch size: 100
	Pool: DataSourceConnectionProvider
	Minimum pool size: undefined/unknown
	Maximum pool size: undefined/unknown
2026-06-14T14:46:22.182+09:00  INFO 14928 --- [devnote-webapp] [           main] org.hibernate.orm.core                   : HHH000489: No JTA platform available (set 'hibernate.transaction.jta.platform' to enable JTA platform integration)
Hibernate: 
    drop table if exists ai_post_runs cascade 
Hibernate: 
    drop table if exists ai_post_topics cascade 
Hibernate: 
    drop table if exists categories cascade 
Hibernate: 
    drop table if exists comments cascade 
Hibernate: 
    drop table if exists menus cascade 
Hibernate: 
    drop table if exists post_likes cascade 
Hibernate: 
    drop table if exists post_tags cascade 
Hibernate: 
    drop table if exists post_view_events cascade 
Hibernate: 
    drop table if exists posts cascade 
Hibernate: 
    drop table if exists subscribers cascade 
Hibernate: 
    create table ai_post_runs (
        completed_at timestamp(6),
        id bigint generated by default as identity,
        post_id bigint,
        started_at timestamp(6) not null,
        topic_id bigint,
        generated_title varchar(200),
        error_message varchar(1000),
        status enum ('FAILED','RUNNING','SKIPPED','SUCCEEDED') not null,
        primary key (id)
    )
Hibernate: 
    create table ai_post_topics (
        display_order integer not null,
        enabled boolean not null,
        category_id bigint not null,
        created_at timestamp(6) not null,
        id bigint generated by default as identity,
        last_succeeded_at timestamp(6),
        updated_at timestamp(6) not null,
        name varchar(120) not null,
        primary key (id)
    )
Hibernate: 
    create table categories (
        display_order integer not null,
        visible boolean not null,
        id bigint generated by default as identity,
        name varchar(60) not null unique,
        slug varchar(60) not null unique,
        description varchar(500) not null,
        primary key (id)
    )
Hibernate: 
    create table comments (
        created_at timestamp(6) not null,
        id bigint generated by default as identity,
        post_id bigint not null,
        content varchar(2000) not null,
        primary key (id)
    )
Hibernate: 
    create table menus (
        display_order integer not null,
        visible boolean not null,
        id bigint generated by default as identity,
        parent_id bigint,
        area varchar(20),
        name varchar(60) not null,
        state varchar(60) not null,
        path varchar(120) not null,
        primary key (id)
    )
Hibernate: 
    create table post_likes (
        created_at timestamp(6) not null,
        id bigint generated by default as identity,
        post_id bigint not null,
        primary key (id)
    )
Hibernate: 
    create table post_tags (
        tag_order integer not null,
        post_id bigint not null,
        tag_name varchar(50) not null,
        primary key (tag_order, post_id)
    )
Hibernate: 
    create table post_view_events (
        id bigint generated by default as identity,
        post_id bigint not null,
        viewed_at timestamp(6) not null,
        primary key (id)
    )
Hibernate: 
    create table posts (
        published_at date not null,
        view_count integer not null,
        category_id bigint not null,
        id bigint generated by default as identity,
        read_time varchar(30) not null,
        thumbnail_style varchar(30) not null,
        slug varchar(120) not null unique,
        title varchar(200) not null,
        excerpt varchar(1000) not null,
        content_markdown clob not null,
        primary key (id)
    )
Hibernate: 
    create table subscribers (
        id bigint generated by default as identity,
        subscribed_at timestamp(6) not null,
        email varchar(320) not null unique,
        primary key (id)
    )
Hibernate: 
    alter table if exists ai_post_runs 
       add constraint FKf22ti42eivhldyipwp95nga8k 
       foreign key (topic_id) 
       references ai_post_topics
Hibernate: 
    alter table if exists ai_post_topics 
       add constraint FKgs02kyf02fkjwpi4v5hqws0w4 
       foreign key (category_id) 
       references categories
Hibernate: 
    alter table if exists comments 
       add constraint FKh4c7lvsc298whoyd4w9ta25cr 
       foreign key (post_id) 
       references posts
Hibernate: 
    alter table if exists post_likes 
       add constraint FKa5wxsgl4doibhbed9gm7ikie2 
       foreign key (post_id) 
       references posts
Hibernate: 
    alter table if exists post_tags 
       add constraint FKkifam22p4s1nm3bkmp1igcn5w 
       foreign key (post_id) 
       references posts
Hibernate: 
    alter table if exists post_view_events 
       add constraint FKg1xe3fsla7qasx5de6q9cmnjl 
       foreign key (post_id) 
       references posts
Hibernate: 
    alter table if exists posts 
       add constraint FKijnwr3brs8vaosl80jg9rp7uc 
       foreign key (category_id) 
       references categories
2026-06-14T14:46:22.341+09:00  INFO 14928 --- [devnote-webapp] [           main] j.LocalContainerEntityManagerFactoryBean : Initialized JPA EntityManagerFactory for persistence unit 'default'
2026-06-14T14:46:22.482+09:00  INFO 14928 --- [devnote-webapp] [           main] o.s.d.j.r.query.QueryEnhancerFactories   : Hibernate is in classpath; If applicable, HQL parser will be used.
2026-06-14T14:46:24.384+09:00  INFO 14928 --- [devnote-webapp] [           main] r$InitializeUserDetailsManagerConfigurer : Global AuthenticationManager configured with UserDetailsService bean with name userDetailsService
2026-06-14T14:46:24.485+09:00  WARN 14928 --- [devnote-webapp] [           main] JpaBaseConfiguration$JpaWebConfiguration : spring.jpa.open-in-view is enabled by default. Therefore, database queries may be performed during view rendering. Explicitly configure spring.jpa.open-in-view to disable this warning
2026-06-14T14:46:25.281+09:00  INFO 14928 --- [devnote-webapp] [           main] o.s.b.h.a.H2ConsoleAutoConfiguration     : H2 console available at '/h2-console'. Database available at 'jdbc:h2:mem:devnote'
2026-06-14T14:46:25.486+09:00  INFO 14928 --- [devnote-webapp] [           main] o.s.boot.tomcat.TomcatWebServer          : Tomcat started on port 8080 (http) with context path '/'
2026-06-14T14:46:25.501+09:00  INFO 14928 --- [devnote-webapp] [           main] i.h.d.DevnoteWebappApplication           : Started DevnoteWebappApplication in 7.181 seconds (process running for 7.465)
2026-06-14T14:46:45.459+09:00  INFO 14928 --- [devnote-webapp] [nio-8080-exec-2] o.a.c.c.C.[Tomcat].[localhost].[/]       : Initializing Spring DispatcherServlet 'dispatcherServlet'
2026-06-14T14:46:45.459+09:00  INFO 14928 --- [devnote-webapp] [nio-8080-exec-2] o.s.web.servlet.DispatcherServlet        : Initializing Servlet 'dispatcherServlet'
2026-06-14T14:46:45.460+09:00  INFO 14928 --- [devnote-webapp] [nio-8080-exec-2] o.s.web.servlet.DispatcherServlet        : Completed initialization in 1 ms
Hibernate: 
    select
        p1_0.id,
        p1_0.category_id,
        c1_0.id,
        c1_0.description,
        c1_0.display_order,
        c1_0.name,
        c1_0.slug,
        c1_0.visible,
        p1_0.content_markdown,
        p1_0.excerpt,
        p1_0.published_at,
        p1_0.read_time,
        p1_0.slug,
        p1_0.thumbnail_style,
        p1_0.title,
        p1_0.view_count 
    from
        posts p1_0 
    join
        categories c1_0 
            on c1_0.id=p1_0.category_id 
    order by
        p1_0.published_at desc,
        p1_0.id desc
Hibernate: 
    select
        t1_0.post_id,
        t1_0.tag_order,
        t1_0.tag_name 
    from
        post_tags t1_0 
    where
        t1_0.post_id=?
Hibernate: 
    select
        t1_0.post_id,
        t1_0.tag_order,
        t1_0.tag_name 
    from
        post_tags t1_0 
    where
        t1_0.post_id=?
Hibernate: 
    select
        t1_0.post_id,
        t1_0.tag_order,
        t1_0.tag_name 
    from
        post_tags t1_0 
    where
        t1_0.post_id=?
Hibernate: 
    select
        apt1_0.id,
        apt1_0.category_id,
        apt1_0.created_at,
        apt1_0.display_order,
        apt1_0.enabled,
        apt1_0.last_succeeded_at,
        apt1_0.name,
        apt1_0.updated_at 
    from
        ai_post_topics apt1_0
Hibernate: 
    select
        m1_0.id,
        m1_0.area,
        m1_0.display_order,
        m1_0.name,
        m1_0.parent_id,
        m1_0.path,
        m1_0.state,
        m1_0.visible 
    from
        menus m1_0
Hibernate: 
    select
        apt1_0.id,
        apt1_0.category_id,
        apt1_0.created_at,
        apt1_0.display_order,
        apt1_0.enabled,
        apt1_0.last_succeeded_at,
        apt1_0.name,
        apt1_0.updated_at 
    from
        ai_post_topics apt1_0
Hibernate: 
    select
        m1_0.id,
        m1_0.area,
        m1_0.display_order,
        m1_0.name,
        m1_0.parent_id,
        m1_0.path,
        m1_0.state,
        m1_0.visible 
    from
        menus m1_0
Hibernate: 
    select
        apr1_0.id,
        apr1_0.completed_at,
        apr1_0.error_message,
        apr1_0.generated_title,
        apr1_0.post_id,
        apr1_0.started_at,
        apr1_0.status,
        apr1_0.topic_id 
    from
        ai_post_runs apr1_0 
    order by
        apr1_0.started_at desc 
    fetch
        first ? rows only
Hibernate: 
    select
        apt1_0.id,
        apt1_0.category_id,
        apt1_0.created_at,
        apt1_0.display_order,
        apt1_0.enabled,
        apt1_0.last_succeeded_at,
        apt1_0.name,
        apt1_0.updated_at 
    from
        ai_post_topics apt1_0 
    where
        apt1_0.enabled=true 
    order by
        apt1_0.display_order,
        apt1_0.id
Hibernate: 
    select
        apr1_0.id,
        apr1_0.completed_at,
        apr1_0.error_message,
        apr1_0.generated_title,
        apr1_0.post_id,
        apr1_0.started_at,
        apr1_0.status,
        apr1_0.topic_id 
    from
        ai_post_runs apr1_0 
    order by
        apr1_0.started_at desc 
    fetch
        first ? rows only
Hibernate: 
    select
        apt1_0.id,
        apt1_0.category_id,
        apt1_0.created_at,
        apt1_0.display_order,
        apt1_0.enabled,
        apt1_0.last_succeeded_at,
        apt1_0.name,
        apt1_0.updated_at 
    from
        ai_post_topics apt1_0 
    where
        apt1_0.enabled=true 
    order by
        apt1_0.display_order,
        apt1_0.id
Hibernate: 
    select
        c1_0.id,
        c1_0.slug,
        c1_0.name,
        c1_0.description,
        count(p1_0.id),
        c1_0.visible,
        c1_0.display_order 
    from
        categories c1_0 
    left join
        posts p1_0 
            on p1_0.category_id=c1_0.id 
    group by
        c1_0.id,
        c1_0.slug,
        c1_0.name,
        c1_0.description,
        c1_0.visible,
        c1_0.display_order 
    order by
        c1_0.display_order,
        c1_0.id
Hibernate: 
    select
        c1_0.id,
        c1_0.slug,
        c1_0.name,
        c1_0.description,
        count(p1_0.id),
        c1_0.visible,
        c1_0.display_order 
    from
        categories c1_0 
    left join
        posts p1_0 
            on p1_0.category_id=c1_0.id 
    group by
        c1_0.id,
        c1_0.slug,
        c1_0.name,
        c1_0.description,
        c1_0.visible,
        c1_0.display_order 
    order by
        c1_0.display_order,
        c1_0.id
Hibernate: 
    select
        c1_0.id,
        c1_0.slug,
        c1_0.name,
        c1_0.description,
        count(p1_0.id),
        c1_0.visible,
        c1_0.display_order 
    from
        categories c1_0 
    left join
        posts p1_0 
            on p1_0.category_id=c1_0.id 
    group by
        c1_0.id,
        c1_0.slug,
        c1_0.name,
        c1_0.description,
        c1_0.visible,
        c1_0.display_order 
    order by
        c1_0.display_order,
        c1_0.id
Hibernate: 
    select
        m1_0.id,
        m1_0.area,
        m1_0.display_order,
        m1_0.name,
        m1_0.parent_id,
        m1_0.path,
        m1_0.state,
        m1_0.visible 
    from
        menus m1_0
Hibernate: 
    select
        apt1_0.id,
        apt1_0.category_id,
        apt1_0.created_at,
        apt1_0.display_order,
        apt1_0.enabled,
        apt1_0.last_succeeded_at,
        apt1_0.name,
        apt1_0.updated_at 
    from
        ai_post_topics apt1_0 
    where
        apt1_0.enabled=true 
    order by
        apt1_0.display_order,
        apt1_0.id
Hibernate: 
    select
        apr1_0.id,
        apr1_0.completed_at,
        apr1_0.error_message,
        apr1_0.generated_title,
        apr1_0.post_id,
        apr1_0.started_at,
        apr1_0.status,
        apr1_0.topic_id 
    from
        ai_post_runs apr1_0 
    order by
        apr1_0.started_at desc 
    fetch
        first ? rows only
Hibernate: 
    select
        apt1_0.id,
        apt1_0.category_id,
        apt1_0.created_at,
        apt1_0.display_order,
        apt1_0.enabled,
        apt1_0.last_succeeded_at,
        apt1_0.name,
        apt1_0.updated_at 
    from
        ai_post_topics apt1_0
Hibernate: 
    select
        c1_0.id,
        c1_0.slug,
        c1_0.name,
        c1_0.description,
        count(p1_0.id),
        c1_0.visible,
        c1_0.display_order 
    from
        categories c1_0 
    left join
        posts p1_0 
            on p1_0.category_id=c1_0.id 
    group by
        c1_0.id,
        c1_0.slug,
        c1_0.name,
        c1_0.description,
        c1_0.visible,
        c1_0.display_order 
    order by
        c1_0.display_order,
        c1_0.id
Hibernate: 
    select
        apt1_0.id,
        apt1_0.category_id,
        apt1_0.created_at,
        apt1_0.display_order,
        apt1_0.enabled,
        apt1_0.last_succeeded_at,
        apt1_0.name,
        apt1_0.updated_at 
    from
        ai_post_topics apt1_0 
    where
        apt1_0.enabled=true 
    order by
        apt1_0.display_order,
        apt1_0.id
Hibernate: 
    select
        apr1_0.id,
        apr1_0.completed_at,
        apr1_0.error_message,
        apr1_0.generated_title,
        apr1_0.post_id,
        apr1_0.started_at,
        apr1_0.status,
        apr1_0.topic_id 
    from
        ai_post_runs apr1_0 
    order by
        apr1_0.started_at desc 
    fetch
        first ? rows only
Hibernate: 
    select
        m1_0.id,
        m1_0.area,
        m1_0.display_order,
        m1_0.name,
        m1_0.parent_id,
        m1_0.path,
        m1_0.state,
        m1_0.visible 
    from
        menus m1_0
Hibernate: 
    select
        apt1_0.id,
        apt1_0.category_id,
        apt1_0.created_at,
        apt1_0.display_order,
        apt1_0.enabled,
        apt1_0.last_succeeded_at,
        apt1_0.name,
        apt1_0.updated_at 
    from
        ai_post_topics apt1_0

> Task :bootRun FAILED
4 actionable tasks: 1 executed, 3 up-to-date
